iwmap 4
"script_startingnumber" 0
"000_Global" flags  active
"000_Global/buyable" flags 
"The Map" flags expanded 
// entity 0
{
guid "{C7CE931E-6952-47CA-B731-01DA57E27D02}"
"classname" "worldspawn"
"fsi" "default"
"gravity" "800"
"lodbias" "default"
"lutmaterial" "luts_t7_default"
"numOmniShadowSlices" "24"
"numSpotShadowSlices" "64"
"sky_intensity_factor0" "1"
"sky_intensity_factor1" "1"
"state_alias_1" "State 1"
"state_alias_2" "State 2"
"state_alias_3" "State 3"
"state_alias_4" "State 4"
// brush 0
{
 guid "{80A924AA-2580-4374-93B3-8A37108AC58B}"
 ( 20 7 -1 ) ( -20 7 -1 ) ( -20 -6 -1 ) clip 64 64 0 0 0 0 lightmap_gray 16384 16384 0 0 0 0
 ( 20 -8 85 ) ( -20 -8 85 ) ( -20 7 94 ) clip 64 64 0 0 0 0 lightmap_gray 16384 16384 0 0 0 0
 ( -20 -8 85 ) ( 20 -8 85 ) ( 20 -8 -1 ) clip 64 64 0 0 0 0 lightmap_gray 16384 16384 0 0 0 0
 ( 20 7 94 ) ( 20 7 -1 ) ( 20 -8 -1 ) clip 64 64 0 0 0 0 lightmap_gray 16384 16384 0 0 0 0
 ( 20 7 -1 ) ( 20 7 94 ) ( -20 7 94 ) clip 64 64 0 0 0 0 lightmap_gray 16384 16384 0 0 0 0
 ( -20 7 94 ) ( -20 -6 94 ) ( -20 -6 -1 ) clip 64 64 0 0 0 0 lightmap_gray 16384 16384 0 0 0 0
 ( 20 -3 94 ) ( 12 -8 94 ) ( 20 -3 126 ) clip 64 64 0 0 0 0 lightmap_gray 16384 16384 0 0 0 0
 ( -14 -8 94 ) ( -20 -3 94 ) ( -14 -8 126 ) clip 64 64 0 0 0 0 lightmap_gray 16384 16384 0 0 0 0
}
}
// entity 1
{
guid "{263B8113-A14C-468C-90CD-A0ED67835009}"
layer "000_Global/buyable"
"classname" "trigger_use"
"cursorhint" "HINT_NOICON"
"target" "auto1"
"targetname" "use_elec_switch"
"_color" "0.3 0.5 0.8"
// brush 0
{
 guid "{5DE2006F-91C9-44AE-953B-7ACD692C7AA8}"
layer "000_Global/buyable"
 ( -8 -5 38 ) ( -8 -24 38 ) ( 9 -24 38 ) trigger 64.035347 63.979385 560.37817 -397.78375 179.76033 -9.0432746e-005 lightmap_gray 16390.078 16383.975 559.88708 -399.39325 179.75 0.00042284987
 ( 9 -5 60 ) ( 9 -24 60 ) ( -8 -24 60 ) trigger 64.038841 63.990639 560.06348 -400.91467 179.75 0.0001822191 lightmap_gray 16389.506 16381.211 560.00183 -399.90057 179.75 -0.00028774497
 ( -7 -5 38 ) ( 9 -5 38 ) ( 8 -5 60 ) trigger 64.010963 -63.98753 560.08435 -228.62935 -179.74049 0.00028775778 lightmap_gray 16390.627 -16382.189 559.91907 -228.59747 -179.73465 0.0010292989
 ( -8 -24 38 ) ( -8 -5 38 ) ( -8 -5 60 ) trigger 64.013565 -64 398.76016 -229.17191 -178.81345 0.00018145109 lightmap_gray 16372.379 -16383.984 399.0563 -229.17741 -178.81932 0.00067271903
 ( 9 -24 38 ) ( -7 -24 38 ) ( -8 -24 60 ) trigger 64.022827 -63.984943 559.76764 -228.85275 -179.72484 -0.00038298449 lightmap_gray 16389.621 -16380.403 559.66248 -228.82652 -179.72356 -0.0001831149
 ( 9 -24 60 ) ( 9 -5 60 ) ( 9 -5 38 ) trigger 64.01178 -64.002548 397.1857 -228.69397 -178.81964 5.5690067e-005 lightmap_gray 16385.998 -16384.48 398.53726 -228.53471 -178.8125 -0.0001075722
}
}
// entity 2
{
guid "{4000D7C3-4A6A-4EA9-83F0-17B32F4573D3}"
"classname" "misc_model"
"model" "p7_zm_der_pswitch_body"
"origin" "0 2 -1"
"lightingstate1" "1"
"lightingstate2" "1"
"lightingstate3" "1"
"lightingstate4" "1"
"modelscale" "1"
"static" "1"
}
// entity 3
{
guid "{D8930739-E7DB-493A-9787-D1C65CD2CA00}"
"classname" "script_model"
"angles" "0 0 90"
"model" "p7_zm_der_pswitch_handle"
"origin" "-1 -7 45"
"script_noteworthy" "elec_switch"
"targetname" "auto1"
"_color" "1 0 0"
"client_server" "ServerSide"
"lightingstate1" "1"
"lightingstate2" "1"
"lightingstate3" "1"
"lightingstate4" "1"
"modelscale" "1"
"shadow_casting" "1"
}
// entity 4
{
guid "{F61FF40E-C120-4CC9-9C32-C32775E76AAF}"
"classname" "script_struct"
"angles" "0 90 0"
"origin" "0.6 -8.3 58.3"
"script_noteworthy" "elec_switch_fx"
"targetname" "auto1"
"_color" "1 0 0"
}
// entity 5
{
guid "{12D7DCC7-8F20-11E6-BE8C-D43D7E278B2C}"
"classname" "light"
"_color" "1 0.6006 0.2471"
"animmode" "loop"
"animscale" "1"
"bulbRadius" "0.00999999977648258"
"culling_cutoff" "5"
"culling_falloff" "25"
"def" "white_light"
"dirSpan" "100 100 100"
"exploderFade" "1"
"falloffdistance" "2"
"far_edge" "0.25"
"fov_outer" "65"
"lightingstate2" "0"
"lightingstate3" "0"
"lightingstate4" "0"
"name" "light_002"
"note" "lod_very_tolerant"
"origin" "0.169998 -9.25999 81.98"
"pcss_max" "0.009"
"penumbraRadius" "3"
"radius" "5"
"roundness" "1"
"shadowUpdate" "Always"
"stops" "7.96578428466209"
"superellipse" "0.25 1 0.25 1"
"volumetricSampleCount" "1"
"ENABLE_FALLOFF" "1"
"PRIMARY_NOSHADOWMAP" "1"
"PRIMARY_TYPE" "PRIMARY_OMNI"
"bake_intensity_scale" "1"
"client_server" "ClientSide"
"def_tile" "1 1"
"excludeDedicated" "Off"
"lightingstate1" "1"
"shadowmapScale" "1"
"spawnflags" "82"
}
// entity 6
{
guid "{12D7DCCA-8F20-11E6-BE8C-D43D7E278B2C}"
"classname" "light"
"_color" "1 0.6006 0.2471"
"animmode" "loop"
"animscale" "1"
"bulbRadius" "0.00999999977648258"
"culling_cutoff" "5"
"culling_falloff" "25"
"def" "white_light"
"dirSpan" "100 100 100"
"exploderFade" "1"
"falloffdistance" "2"
"far_edge" "0.25"
"fov_outer" "65"
"lightingstate2" "0"
"lightingstate3" "0"
"lightingstate4" "0"
"name" "light_002"
"note" "lod_very_tolerant"
"origin" "-12.15 -9.3 64.18"
"pcss_max" "0.009"
"penumbraRadius" "3"
"radius" "5"
"roundness" "1"
"shadowUpdate" "Always"
"stops" "7.64385618977472"
"superellipse" "0.25 1 0.25 1"
"volumetricSampleCount" "1"
"ENABLE_FALLOFF" "1"
"PRIMARY_NOSHADOWMAP" "1"
"PRIMARY_TYPE" "PRIMARY_OMNI"
"bake_intensity_scale" "1"
"client_server" "ClientSide"
"def_tile" "1 1"
"excludeDedicated" "Off"
"lightingstate1" "1"
"shadowmapScale" "1"
"spawnflags" "82"
}
// entity 7
{
guid "{12D7DCCD-8F20-11E6-BE8C-D43D7E278B2C}"
"classname" "light"
"PRIMARY_NOSHADOWMAP" "0"
"PRIMARY_TYPE" "PRIMARY_SPOT"
"_color" "1 0.6006 0.2471"
"angles" "23.4601 90 -178.959"
"animmode" "loop"
"animscale" "1"
"bulbRadius" "0.00999999977648258"
"culling_cutoff" "5"
"culling_falloff" "25"
"def" "cookie_flicker"
"def_offset" "0.015 0.015"
"def_scroll" "0.17 0.14"
"def_tile" "0.009 0.007"
"dirSpan" "100 100 100"
"exploderFade" "1"
"falloffdistance" "3"
"far_edge" "0.550000004470348"
"fov_outer" "78"
"lightingstate2" "0"
"lightingstate3" "0"
"lightingstate4" "0"
"name" "light_powerPanel_gauge_004"
"note" "lod_very_tolerant"
"origin" "-0.0599976 -5.35001 69.61"
"pcss_max" "0.00400000018998981"
"penumbraRadius" "3"
"radius" "9"
"roundness" "0"
"shadowmapScale" "0.5"
"stops" "12.5"
"superellipse" "0.25 0.9 0.25 0.5"
"volumetricSampleCount" "1"
"ENABLE_FALLOFF" "1"
"bake_intensity_scale" "1"
"client_server" "ClientSide"
"excludeDedicated" "Off"
"lightingstate1" "1"
"shadowUpdate" "Never"
"spawnflags" "68"
}
// entity 8
{
guid "{12D7DCD0-8F20-11E6-BE8C-D43D7E278B2C}"
"classname" "light"
"PRIMARY_NOSHADOWMAP" "0"
"PRIMARY_TYPE" "PRIMARY_SPOT"
"_color" "1 0.6006 0.2471"
"angles" "23.4601 90 -178.959"
"animmode" "loop"
"animscale" "1"
"bulbRadius" "0.00999999977648258"
"culling_cutoff" "5"
"culling_falloff" "25"
"def" "cookie_flicker"
"def_scroll" "0.18 0.2"
"def_tile" "0.02 0.02"
"dirSpan" "100 100 100"
"exploderFade" "1"
"falloffdistance" "3"
"far_edge" "0.550000004470348"
"fov_outer" "78"
"lightingstate2" "0"
"lightingstate3" "0"
"lightingstate4" "0"
"name" "light_powerPanel_gauge_005"
"note" "lod_very_tolerant"
"origin" "12.08 -5.49001 69.67"
"pcss_max" "0.00400000018998981"
"penumbraRadius" "3"
"radius" "9"
"roundness" "0"
"shadowmapScale" "0.5"
"stops" "12.5"
"superellipse" "0.2 0.9 0.25 0.5"
"volumetricSampleCount" "1"
"ENABLE_FALLOFF" "1"
"bake_intensity_scale" "1"
"client_server" "ClientSide"
"excludeDedicated" "Off"
"lightingstate1" "1"
"shadowUpdate" "Never"
"spawnflags" "68"
}
// entity 9
{
guid "{12D7DCD3-8F20-11E6-BE8C-D43D7E278B2C}"
"classname" "light"
"PRIMARY_NOSHADOWMAP" "0"
"PRIMARY_TYPE" "PRIMARY_SPOT"
"_color" "1 0.6006 0.2471"
"angles" "23.4601 90 -178.959"
"animmode" "loop"
"animscale" "1"
"bulbRadius" "0.00999999977648258"
"culling_cutoff" "5"
"culling_falloff" "25"
"def" "cookie_flicker"
"def_offset" "0.01 0.01"
"def_scroll" "0.18 0.17"
"def_tile" "0.008 0.007"
"dirSpan" "100 100 100"
"exploderFade" "1"
"falloffdistance" "3"
"far_edge" "0.600000023841858"
"fov_outer" "78"
"lightingstate2" "0"
"lightingstate3" "0"
"lightingstate4" "0"
"name" "light_powerPanel_gauge_003"
"note" "lod_very_tolerant"
"origin" "-12.14 -5.42999 69.57"
"pcss_max" "0.00400000018998981"
"penumbraRadius" "3"
"radius" "9"
"roundness" "0"
"shadowmapScale" "0.5"
"stops" "12.2877123795495"
"superellipse" "0.23 0.88 0.25 0.5"
"volumetricSampleCount" "1"
"ENABLE_FALLOFF" "1"
"bake_intensity_scale" "1"
"client_server" "ClientSide"
"excludeDedicated" "Off"
"lightingstate1" "1"
"shadowUpdate" "Never"
"spawnflags" "68"
}
