iwmap 4
"script_startingnumber" 0
"000_Global" flags  active
"The Map" flags expanded 
// entity 0
{
guid "{ECF7C8A1-152A-11E5-9362-E83935307086}"
"classname" "worldspawn"
"fsi" "default"
"gravity" "800"
"lodbias" "default"
"lutmaterial" "luts_t7_default"
"numOmniShadowSlices" "24"
"numSpotShadowSlices" "64"
"sky_intensity_factor0" "1"
"sky_intensity_factor1" "1"
"state_alias_1" "State 1"
"state_alias_2" "State 2"
"state_alias_3" "State 3"
"state_alias_4" "State 4"
}
// entity 1
{
guid "{8DC7D625-F37C-11E4-AA90-E83935307086}"
"classname" "script_struct"
"model" "p7_zm_vending_three_gun"
"script_noteworthy" "specialty_additionalprimaryweapon"
"target" "auto1"
"targetname" "zm_perk_machine"
"_color" "1 0 0"
}
// entity 2
{
guid "{4FF27572-3F42-462A-B88C-935F656786D3}"
"classname" "light"
"animmode" "loop"
"animscale" "1"
"bulbRadius" "0.00999999977648258"
"culling_cutoff" "2"
"culling_falloff" "5"
"def" "white_light"
"dirSpan" "100 100 100"
"exploderFade" "1"
"exploder_count" "1"
"exploder_index_0" "ver=1 don=0 doff=0 fin=0 fout=0 off=1 name=lgt_vending_mulekick_on"
"falloffdistance" "1"
"far_edge" "0.5"
"lightingstate2" "0"
"lightingstate3" "0"
"lightingstate4" "0"
"name" "light_perk_mulekick"
"origin" "-11.5 -14.75 28.25"
"penumbraRadius" "3"
"radius" "4.5"
"stops" "9.96578428466209"
"ENABLE_FALLOFF" "1"
"PRIMARY_NOSHADOWMAP" "1"
"PRIMARY_TYPE" "PRIMARY_OMNI"
"_color" "1 1 1"
"bake_intensity_scale" "1"
"client_server" "ClientSide"
"def_tile" "1 1"
"excludeDedicated" "Off"
"fov_outer" "90"
"lightingstate1" "1"
"roundness" "0.5"
"shadowUpdate" "Never"
"shadowmapScale" "1"
"superellipse" "0.75 1 0.75 1"
"volumetricSampleCount" "8"
"spawnflags" "82"
}
// entity 3
{
guid "{443B7276-39E0-405A-9F04-A2D2F68332D1}"
"classname" "light"
"animmode" "loop"
"animscale" "1"
"bulbRadius" "0.00999999977648258"
"culling_cutoff" "2"
"culling_falloff" "5"
"def" "white_light"
"dirSpan" "100 100 100"
"exploderFade" "1"
"exploder_count" "1"
"exploder_index_0" "ver=1 don=0 doff=0 fin=0 fout=0 off=1 name=lgt_vending_mulekick_on"
"falloffdistance" "1"
"far_edge" "0.5"
"lightingstate2" "0"
"lightingstate3" "0"
"lightingstate4" "0"
"name" "light_perk_mulekick"
"origin" "-11.5 -14.75 34.25"
"penumbraRadius" "3"
"radius" "4.5"
"stops" "9.96578428466209"
"ENABLE_FALLOFF" "1"
"PRIMARY_NOSHADOWMAP" "1"
"PRIMARY_TYPE" "PRIMARY_OMNI"
"_color" "1 1 1"
"bake_intensity_scale" "1"
"client_server" "ClientSide"
"def_tile" "1 1"
"excludeDedicated" "Off"
"fov_outer" "90"
"lightingstate1" "1"
"roundness" "0.5"
"shadowUpdate" "Never"
"shadowmapScale" "1"
"superellipse" "0.75 1 0.75 1"
"volumetricSampleCount" "8"
"spawnflags" "82"
}
// entity 4
{
guid "{B056F850-8F39-46F6-8BA4-67D582F77524}"
"classname" "light"
"animmode" "loop"
"animscale" "1"
"bulbRadius" "0.00999999977648258"
"culling_cutoff" "2"
"culling_falloff" "5"
"def" "white_light"
"dirSpan" "100 100 100"
"exploderFade" "1"
"exploder_count" "1"
"exploder_index_0" "ver=1 don=0 doff=0 fin=0 fout=0 off=1 name=lgt_vending_mulekick_on"
"falloffdistance" "1"
"far_edge" "0.5"
"lightingstate2" "0"
"lightingstate3" "0"
"lightingstate4" "0"
"name" "light_perk_mulekick"
"origin" "-11.5 -14.75 40.75"
"penumbraRadius" "3"
"radius" "4.5"
"stops" "9.96578428466209"
"ENABLE_FALLOFF" "1"
"PRIMARY_NOSHADOWMAP" "1"
"PRIMARY_TYPE" "PRIMARY_OMNI"
"_color" "1 1 1"
"bake_intensity_scale" "1"
"client_server" "ClientSide"
"def_tile" "1 1"
"excludeDedicated" "Off"
"fov_outer" "90"
"lightingstate1" "1"
"roundness" "0.5"
"shadowUpdate" "Never"
"shadowmapScale" "1"
"superellipse" "0.75 1 0.75 1"
"volumetricSampleCount" "8"
"spawnflags" "82"
}
// entity 5
{
guid "{2739F8AA-2224-4539-83F8-DC3AEF87B559}"
"classname" "light"
"animmode" "loop"
"animscale" "1"
"bulbRadius" "0.00999999977648258"
"culling_cutoff" "2"
"culling_falloff" "5"
"def" "white_light"
"dirSpan" "100 100 100"
"exploderFade" "1"
"exploder_count" "1"
"exploder_index_0" "ver=1 don=0 doff=0 fin=0 fout=0 off=1 name=lgt_vending_mulekick_on"
"falloffdistance" "1"
"far_edge" "0.5"
"lightingstate2" "0"
"lightingstate3" "0"
"lightingstate4" "0"
"name" "light_perk_mulekick"
"origin" "-11.5 -14.75 50"
"penumbraRadius" "3"
"radius" "4.5"
"stops" "9.96578428466209"
"ENABLE_FALLOFF" "1"
"PRIMARY_NOSHADOWMAP" "1"
"PRIMARY_TYPE" "PRIMARY_OMNI"
"_color" "1 1 1"
"bake_intensity_scale" "1"
"client_server" "ClientSide"
"def_tile" "1 1"
"excludeDedicated" "Off"
"fov_outer" "90"
"lightingstate1" "1"
"roundness" "0.5"
"shadowUpdate" "Never"
"shadowmapScale" "1"
"superellipse" "0.75 1 0.75 1"
"volumetricSampleCount" "8"
"spawnflags" "82"
}
// entity 6
{
guid "{7EC5A3E9-4058-4856-B42A-6FF32C6E9484}"
"classname" "light"
"animmode" "loop"
"animscale" "1"
"bulbRadius" "0.00999999977648258"
"culling_cutoff" "2"
"culling_falloff" "5"
"def" "white_light"
"dirSpan" "100 100 100"
"exploderFade" "1"
"exploder_count" "1"
"exploder_index_0" "ver=1 don=0 doff=0 fin=0 fout=0 off=1 name=lgt_vending_mulekick_on"
"falloffdistance" "1"
"far_edge" "0.5"
"lightingstate2" "0"
"lightingstate3" "0"
"lightingstate4" "0"
"name" "light_perk_mulekick"
"origin" "-11.5 -14.75 56.25"
"penumbraRadius" "3"
"radius" "4.5"
"stops" "9.96578428466209"
"ENABLE_FALLOFF" "1"
"PRIMARY_NOSHADOWMAP" "1"
"PRIMARY_TYPE" "PRIMARY_OMNI"
"_color" "1 1 1"
"bake_intensity_scale" "1"
"client_server" "ClientSide"
"def_tile" "1 1"
"excludeDedicated" "Off"
"fov_outer" "90"
"lightingstate1" "1"
"roundness" "0.5"
"shadowUpdate" "Never"
"shadowmapScale" "1"
"superellipse" "0.75 1 0.75 1"
"volumetricSampleCount" "8"
"spawnflags" "82"
}
// entity 7
{
guid "{9B9EE0E2-42F7-4E19-93A1-4A01A3073863}"
"classname" "light"
"animmode" "loop"
"animscale" "1"
"bulbRadius" "0.00999999977648258"
"culling_cutoff" "2"
"culling_falloff" "5"
"def" "white_light"
"dirSpan" "100 100 100"
"exploderFade" "1"
"exploder_count" "1"
"exploder_index_0" "ver=1 don=0 doff=0 fin=0 fout=0 off=1 name=lgt_vending_mulekick_on"
"falloffdistance" "1"
"far_edge" "0.5"
"lightingstate2" "0"
"lightingstate3" "0"
"lightingstate4" "0"
"name" "light_perk_mulekick"
"origin" "-11.5 -14.75 62.5"
"penumbraRadius" "3"
"radius" "4.5"
"stops" "9.96578428466209"
"ENABLE_FALLOFF" "1"
"PRIMARY_NOSHADOWMAP" "1"
"PRIMARY_TYPE" "PRIMARY_OMNI"
"_color" "1 1 1"
"bake_intensity_scale" "1"
"client_server" "ClientSide"
"def_tile" "1 1"
"excludeDedicated" "Off"
"fov_outer" "90"
"lightingstate1" "1"
"roundness" "0.5"
"shadowUpdate" "Never"
"shadowmapScale" "1"
"superellipse" "0.75 1 0.75 1"
"volumetricSampleCount" "8"
"spawnflags" "82"
}
// entity 8
{
guid "{0E5F34BD-25A8-4EC4-9DA2-F7250693EDB9}"
"classname" "light"
"PRIMARY_TYPE" "PRIMARY_SPOT"
"_color" "0.8569 1 0.7333"
"angles" "89.9999 242.062 -27.9383"
"animmode" "loop"
"animscale" "1"
"bulbRadius" "0.00999999977648258"
"cull_dist" "10"
"def" "white_light"
"dirSpan" "100 100 100"
"exploderFade" "1"
"exploder_count" "1"
"exploder_index_0" "ver=1 don=0 doff=0 fin=0 fout=0 off=1 name=lgt_vending_mulekick_on"
"falloffdistance" "1.5"
"fov_outer" "51"
"lightingstate2" "0"
"lightingstate3" "0"
"lightingstate4" "0"
"min_light_cutoff" "20"
"name" "light_perk_mulekick"
"origin" "0 -31 102"
"penumbraRadius" "3"
"radius" "40"
"roundness" "1"
"spec_comp" "-14"
"stops" "14.5500000447035"
"superellipse" "0.05 1 0.05 1"
"ENABLE_FALLOFF" "1"
"PRIMARY_NOSHADOWMAP" "1"
"bake_intensity_scale" "1"
"client_server" "ClientSide"
"def_tile" "1 1"
"excludeDedicated" "Off"
"far_edge" "0.949999988079071"
"lightingstate1" "1"
"shadowUpdate" "Never"
"shadowmapScale" "1"
"volumetricSampleCount" "8"
"spawnflags" "84"
}
// entity 9
{
guid "{ECF7C8A8-152A-11E5-9362-E83935307086}"
"classname" "light"
"PRIMARY_NOSHADOWMAP" "0"
"PRIMARY_TYPE" "PRIMARY_SPOT"
"_color" "0.8569 1 0.7333"
"angles" "0 0 26"
"animmode" "loop"
"animscale" "1"
"bulbRadius" "0.00999999977648258"
"culling_cutoff" "100"
"culling_falloff" "200"
"def" "white_light"
"dirSpan" "100 100 100"
"exploderFade" "1"
"exploder_count" "1"
"exploder_index_0" "ver=1 don=0 doff=0 fin=0 fout=0 off=1 name=lgt_vending_mulekick_on"
"falloffdistance" "1.5"
"far_edge" "0"
"fov_outer" "55"
"lightingstate2" "0"
"lightingstate3" "0"
"lightingstate4" "0"
"name" "light_perk_mulekick"
"near_edge" "0.400000005960464"
"origin" "0.5 -43.5 95"
"ortho_effect" "0.250000000745058"
"penumbraRadius" "3"
"radius" "80"
"roundness" "1"
"spec_comp" "-14"
"stops" "14.5500000447035"
"superellipse" "0.05 1 0.05 1"
"ENABLE_FALLOFF" "1"
"bake_intensity_scale" "1"
"client_server" "ClientSide"
"def_tile" "1 1"
"excludeDedicated" "Off"
"lightingstate1" "1"
"shadowUpdate" "Never"
"shadowmapScale" "1"
"volumetricSampleCount" "8"
"spawnflags" "68"
}
// entity 10
{
guid "{73677F1D-08D8-11E7-A7E6-645106423E12}"
"classname" "script_struct"
"angles" "0 90 0"
"origin" "-30 -30 0"
"script_int" "1"
"script_noteworthy" "attack_spot"
"targetname" "auto1"
"_color" "1 0 0"
}
// entity 11
{
guid "{73677F20-08D8-11E7-A7E6-645106423E12}"
"classname" "script_struct"
"angles" "0 90 0"
"origin" "0 -38 0"
"script_int" "2"
"script_noteworthy" "attack_spot"
"targetname" "auto1"
"_color" "1 0 0"
}
// entity 12
{
guid "{73677F23-08D8-11E7-A7E6-645106423E12}"
"classname" "script_struct"
"angles" "0 90 0"
"origin" "30 -30 0"
"script_int" "3"
"script_noteworthy" "attack_spot"
"targetname" "auto1"
"_color" "1 0 0"
}
// entity 13
{
guid "{961F434A-6B52-11E7-92F4-001B21240307}"
"classname" "trigger_multiple"
"script_sound" "audio_bump_trigger"
"targetname" "zmb_perks_bump_bottle"
"_color" "1 0.3 0.1"
// brush 0
{
 guid "{961F4349-6B52-11E7-92F4-001B21240307}"
 ( 24 -8 -8 ) ( 8 -8 -8 ) ( 8 -24 -8 ) trigger 64 64 0 0 0 0 lightmap_gray 16384 16384 0 0 0 0
 ( 4 -24 118 ) ( 4 -8 118 ) ( 20 -8 118 ) trigger 64 64 -4 0 0 0 lightmap_gray 16384 16384 -4 0 0 0
 ( 16 -46 72 ) ( 32 -46 72 ) ( 32 -46 -8 ) trigger 64 64 8 8 0 0 lightmap_gray 16384 16384 8 8 0 0
 ( 38 -24 72 ) ( 38 -8 72 ) ( 38 -8 -8 ) trigger 64 64 0 8 0 0 lightmap_gray 16384 16384 0 8 0 0
 ( 24 22 72 ) ( 8 22 72 ) ( 8 22 -8 ) trigger 64 64 0 8 0 0 lightmap_gray 16384 16384 0 8 0 0
 ( -38 -8 72 ) ( -38 -24 72 ) ( -38 -24 -8 ) trigger 64 64 0 8 0 0 lightmap_gray 16384 16384 0 8 0 0
}
}
