iwmap 4
"script_startingnumber" 0
"000_Global" flags  active
"The Map" flags expanded 
// entity 0
{
guid "{F4B2E07D-084C-11E7-A7E6-645106423E12}"
"classname" "worldspawn"
"evmax" "31"
"evmin" "-32"
"secondsLerpToDarker" "1"
"secondsLerpToLighter" "1"
"fsi" "default"
"gravity" "800"
"lodbias" "default"
"lutmaterial" "luts_t7_default"
"numOmniShadowSlices" "24"
"numSpotShadowSlices" "64"
"sky_intensity_factor0" "1"
"sky_intensity_factor1" "1"
"state_alias_1" "State 1"
"state_alias_2" "State 2"
"state_alias_3" "State 3"
"state_alias_4" "State 4"
}
// entity 1
{
guid "{450A964F-1FAD-48F0-B6FF-C5B295AB80A2}"
"classname" "script_struct"
"model" "p7_zm_vending_sleight"
"script_noteworthy" "specialty_fastreload"
"target" "auto1"
"targetname" "zm_perk_machine"
"_color" "1 0 0"
}
// entity 2
{
guid "{CD6D9ECC-5B81-45FB-8BE2-6EDFED55C20B}"
"classname" "light"
"PRIMARY_TYPE" "PRIMARY_SPOT"
"angles" "90 90 0"
"animmode" "loop"
"animscale" "1"
"bulbRadius" "0.00999999977648258"
"cut_on" "15"
"def" "white_light"
"dirSpan" "100 100 100"
"lightingstate2" "0"
"lightingstate3" "0"
"lightingstate4" "0"
"name" "light_sleight_001"
"origin" "0 20.0381 96.3053"
"penumbraRadius" "3"
"radius" "40"
"roundness" "1"
"stops" "5.64385618977472"
"superellipse" "0.25 0.5 0.25 0.5"
"ENABLE_FALLOFF" "1"
"PRIMARY_NOSHADOWMAP" "1"
"_color" "1 1 1"
"bake_intensity_scale" "1"
"client_server" "ClientSide"
"def_tile" "1 1"
"excludeDedicated" "Off"
"falloffdistance" "12"
"far_edge" "0.949999988079071"
"fov_outer" "90"
"lightingstate1" "1"
"shadowUpdate" "Never"
"shadowmapScale" "1"
"volumetricSampleCount" "8"
"spawnflags" "84"
}
// entity 3
{
guid "{93906836-4EDA-4ADA-AC3E-97AFC4CD7BFF}"
"classname" "light"
"_color" "0.6274 0.9765 0.3255"
"angles" "90 90 0"
"animmode" "loop"
"animscale" "1"
"bulbRadius" "0.01"
"def" "white_light"
"dirSpan" "100 100 100"
"falloffdistance" "5"
"far_edge" "0.5"
"fov_outer" "25"
"lightingstate2" "0"
"lightingstate3" "0"
"lightingstate4" "0"
"name" "light_sleight_001"
"origin" "12.5627 0.870133 64.3018"
"penumbraRadius" "3"
"radius" "15"
"roundness" "1"
"shadowUpdate" "Always"
"stops" "4.64385618977472"
"ENABLE_FALLOFF" "1"
"PRIMARY_NOSHADOWMAP" "1"
"PRIMARY_TYPE" "PRIMARY_OMNI"
"bake_intensity_scale" "1"
"client_server" "ClientSide"
"def_tile" "1 1"
"excludeDedicated" "Off"
"lightingstate1" "1"
"shadowmapScale" "1"
"superellipse" "0.75 1 0.75 1"
"volumetricSampleCount" "8"
"spawnflags" "82"
}
// entity 4
{
guid "{E2BAC7BD-064B-47FE-922B-48CC6AC9094D}"
"classname" "light"
"_color" "0.6274 0.9765 0.3255"
"angles" "90 90 0"
"animmode" "loop"
"animscale" "1"
"bulbRadius" "0.01"
"def" "white_light"
"dirSpan" "100 100 100"
"falloffdistance" "5"
"far_edge" "0.5"
"fov_outer" "25"
"lightingstate2" "0"
"lightingstate3" "0"
"lightingstate4" "0"
"name" "light_sleight_001"
"origin" "12.5225 0.870133 57.8136"
"penumbraRadius" "3"
"radius" "15"
"roundness" "1"
"shadowUpdate" "Always"
"stops" "4.64385618977472"
"ENABLE_FALLOFF" "1"
"PRIMARY_NOSHADOWMAP" "1"
"PRIMARY_TYPE" "PRIMARY_OMNI"
"bake_intensity_scale" "1"
"client_server" "ClientSide"
"def_tile" "1 1"
"excludeDedicated" "Off"
"lightingstate1" "1"
"shadowmapScale" "1"
"superellipse" "0.75 1 0.75 1"
"volumetricSampleCount" "8"
"spawnflags" "82"
}
// entity 5
{
guid "{620A51AF-1112-4D5D-8FF5-7A93508854FF}"
"classname" "light"
"_color" "0.6274 0.9765 0.3255"
"angles" "90 90 0"
"animmode" "loop"
"animscale" "1"
"bulbRadius" "0.01"
"def" "white_light"
"dirSpan" "100 100 100"
"falloffdistance" "5"
"far_edge" "0.5"
"fov_outer" "25"
"lightingstate2" "0"
"lightingstate3" "0"
"lightingstate4" "0"
"name" "light_sleight_001"
"origin" "12.6885 0.870133 51.8752"
"penumbraRadius" "3"
"radius" "15"
"roundness" "1"
"shadowUpdate" "Always"
"stops" "4.64385618977472"
"ENABLE_FALLOFF" "1"
"PRIMARY_NOSHADOWMAP" "1"
"PRIMARY_TYPE" "PRIMARY_OMNI"
"bake_intensity_scale" "1"
"client_server" "ClientSide"
"def_tile" "1 1"
"excludeDedicated" "Off"
"lightingstate1" "1"
"shadowmapScale" "1"
"superellipse" "0.75 1 0.75 1"
"volumetricSampleCount" "8"
"spawnflags" "82"
}
// entity 6
{
guid "{F0965012-7700-48BC-ABA9-EA539F8101D7}"
"classname" "light"
"_color" "0.6274 0.9765 0.3255"
"angles" "90 90 0"
"animmode" "loop"
"animscale" "1"
"bulbRadius" "0.01"
"def" "white_light"
"dirSpan" "100 100 100"
"falloffdistance" "5"
"far_edge" "0.5"
"fov_outer" "25"
"lightingstate2" "0"
"lightingstate3" "0"
"lightingstate4" "0"
"name" "light_sleight_001"
"origin" "12.6483 0.870133 45.387"
"penumbraRadius" "3"
"radius" "15"
"roundness" "1"
"shadowUpdate" "Always"
"stops" "4.64385618977472"
"ENABLE_FALLOFF" "1"
"PRIMARY_NOSHADOWMAP" "1"
"PRIMARY_TYPE" "PRIMARY_OMNI"
"bake_intensity_scale" "1"
"client_server" "ClientSide"
"def_tile" "1 1"
"excludeDedicated" "Off"
"lightingstate1" "1"
"shadowmapScale" "1"
"superellipse" "0.75 1 0.75 1"
"volumetricSampleCount" "8"
"spawnflags" "82"
}
// entity 7
{
guid "{38D38DD9-82E2-48F0-96BC-807283D93B41}"
"classname" "light"
"_color" "0.6274 0.9765 0.3255"
"angles" "90 90 0"
"animmode" "loop"
"animscale" "1"
"bulbRadius" "0.01"
"def" "white_light"
"dirSpan" "100 100 100"
"falloffdistance" "5"
"far_edge" "0.5"
"fov_outer" "25"
"lightingstate2" "0"
"lightingstate3" "0"
"lightingstate4" "0"
"name" "light_sleight_001"
"origin" "12.5394 0.870133 39.4486"
"penumbraRadius" "3"
"radius" "15"
"roundness" "1"
"shadowUpdate" "Always"
"stops" "4.64385618977472"
"ENABLE_FALLOFF" "1"
"PRIMARY_NOSHADOWMAP" "1"
"PRIMARY_TYPE" "PRIMARY_OMNI"
"bake_intensity_scale" "1"
"client_server" "ClientSide"
"def_tile" "1 1"
"excludeDedicated" "Off"
"lightingstate1" "1"
"shadowmapScale" "1"
"superellipse" "0.75 1 0.75 1"
"volumetricSampleCount" "8"
"spawnflags" "82"
}
// entity 8
{
guid "{10AD866D-A215-4674-8560-93997E869831}"
"classname" "light"
"_color" "0.6274 0.9765 0.3255"
"angles" "90 90 0"
"animmode" "loop"
"animscale" "1"
"bulbRadius" "0.01"
"def" "white_light"
"dirSpan" "100 100 100"
"falloffdistance" "5"
"far_edge" "0.5"
"fov_outer" "25"
"lightingstate2" "0"
"lightingstate3" "0"
"lightingstate4" "0"
"name" "light_sleight_001"
"origin" "12.5679 0.870133 33.2353"
"penumbraRadius" "3"
"radius" "15"
"roundness" "1"
"shadowUpdate" "Always"
"stops" "4.64385618977472"
"ENABLE_FALLOFF" "1"
"PRIMARY_NOSHADOWMAP" "1"
"PRIMARY_TYPE" "PRIMARY_OMNI"
"bake_intensity_scale" "1"
"client_server" "ClientSide"
"def_tile" "1 1"
"excludeDedicated" "Off"
"lightingstate1" "1"
"shadowmapScale" "1"
"superellipse" "0.75 1 0.75 1"
"volumetricSampleCount" "8"
"spawnflags" "82"
}
// entity 9
{
guid "{7A8A24DC-75B4-4AD9-9279-6C23645BAF7C}"
"classname" "light"
"PRIMARY_TYPE" "PRIMARY_SPOT"
"_color" "0.5376 0.9961 0.1406"
"angles" "0 0 90"
"animmode" "loop"
"animscale" "1"
"bulbRadius" "0.00999999977648258"
"cut_on" "8"
"def" "white_light"
"dirSpan" "100 100 100"
"falloffdistance" "3"
"fov_outer" "115"
"lightingstate2" "0"
"lightingstate3" "0"
"lightingstate4" "0"
"name" "light_sleight_001"
"origin" "-0.219902 -0.616094 95.8955"
"pcss_max" "0.00899999961256981"
"penumbraRadius" "3"
"radius" "20"
"roundness" "1"
"stops" "6.64385618977473"
"superellipse" "0.01 1 0.01 1"
"ENABLE_FALLOFF" "1"
"PRIMARY_NOSHADOWMAP" "1"
"bake_intensity_scale" "1"
"client_server" "ClientSide"
"def_tile" "1 1"
"excludeDedicated" "Off"
"far_edge" "0.949999988079071"
"lightingstate1" "1"
"shadowUpdate" "Never"
"shadowmapScale" "1"
"volumetricSampleCount" "8"
"spawnflags" "84"
}
// entity 10
{
guid "{02070423-4590-4CCE-BC07-B60E70889B3E}"
"classname" "light"
"PRIMARY_NOSHADOWMAP" "0"
"PRIMARY_TYPE" "PRIMARY_SPOT"
"_color" "0.8505 0.9922 0.7042"
"angles" "54.3485 270 0.000257592"
"animmode" "loop"
"animscale" "1"
"bulbRadius" "0.01"
"cut_on" "15"
"def" "white_light"
"dirSpan" "100 100 100"
"far_edge" "0.5"
"fov_outer" "75"
"lightingstate2" "0"
"lightingstate3" "0"
"lightingstate4" "0"
"name" "light_sleight_001"
"origin" "0.83747 -81.0127 107.397"
"pcss_max" "0.0500000007450581"
"penumbraRadius" "3"
"roundness" "1"
"stops" "4.64385618977472"
"superellipse" "0.25 1 0.25 1"
"ENABLE_FALLOFF" "1"
"bake_intensity_scale" "1"
"client_server" "ClientSide"
"def_tile" "1 1"
"excludeDedicated" "Off"
"falloffdistance" "12"
"lightingstate1" "1"
"radius" "100"
"shadowUpdate" "Never"
"shadowmapScale" "1"
"volumetricSampleCount" "8"
"spawnflags" "68"
}
// entity 11
{
guid "{F673CB9D-100B-4929-8467-F78E94F93975}"
"classname" "light"
"PRIMARY_TYPE" "PRIMARY_SPOT"
"_color" "0.4723 1 0.2118"
"angles" "0 180 -90"
"animmode" "loop"
"animscale" "1"
"bulbRadius" "0.01"
"cut_on" "40"
"def" "white_light"
"dirSpan" "100 100 100"
"falloffdistance" "10"
"far_edge" "0.95"
"fov_outer" "130"
"lightingstate2" "0"
"lightingstate3" "0"
"lightingstate4" "0"
"name" "light_sleight_001"
"near_edge" "0.25"
"origin" "0.837467 -24.62 51.2134"
"pcss_max" "0.00400000018998981"
"penumbraRadius" "3"
"radius" "50"
"stops" "3.58496250072116"
"superellipse" "0.2 1 0.1 0.7"
"ENABLE_FALLOFF" "1"
"PRIMARY_NOSHADOWMAP" "1"
"bake_intensity_scale" "1"
"client_server" "ClientSide"
"def_tile" "1 1"
"excludeDedicated" "Off"
"lightingstate1" "1"
"roundness" "0.5"
"shadowUpdate" "Never"
"shadowmapScale" "1"
"volumetricSampleCount" "8"
"spawnflags" "84"
}
// entity 12
{
guid "{41BD817C-D03F-4592-B1F2-6D1F50CB5C72}"
"classname" "light"
"PRIMARY_NOSHADOWMAP" "0"
"PRIMARY_TYPE" "PRIMARY_SPOT"
"_color" "0.5376 0.9961 0.1406"
"angles" "0 0 -70.545"
"animmode" "loop"
"animscale" "1"
"bulbRadius" "0.01"
"cut_on" "40"
"def" "white_light"
"dirSpan" "100 100 100"
"far_edge" "0.5"
"fov_outer" "75"
"lightingstate2" "0"
"lightingstate3" "0"
"lightingstate4" "0"
"name" "light_sleight_001"
"origin" "-1.16253 57.0535 26.1868"
"pcss_max" "0.0500000007450581"
"penumbraRadius" "3"
"radius" "135"
"roundness" "1"
"stops" "4.64385618977472"
"superellipse" "0.25 1 0.05 1"
"ENABLE_FALLOFF" "1"
"bake_intensity_scale" "1"
"client_server" "ClientSide"
"def_tile" "1 1"
"excludeDedicated" "Off"
"falloffdistance" "12"
"lightingstate1" "1"
"shadowUpdate" "Never"
"shadowmapScale" "1"
"volumetricSampleCount" "8"
"spawnflags" "68"
}
// entity 13
{
guid "{7663F009-084C-11E7-A7E6-645106423E12}"
"classname" "script_struct"
"angles" "0 90 0"
"origin" "-30 -19 0"
"script_int" "1"
"script_noteworthy" "attack_spot"
"targetname" "auto1"
"_color" "1 0 0"
}
// entity 14
{
guid "{7663F00C-084C-11E7-A7E6-645106423E12}"
"classname" "script_struct"
"angles" "0 90 0"
"origin" "0 -27 0"
"script_int" "2"
"script_noteworthy" "attack_spot"
"targetname" "auto1"
"_color" "1 0 0"
}
// entity 15
{
guid "{7663F00F-084C-11E7-A7E6-645106423E12}"
"classname" "script_struct"
"angles" "0 90 0"
"origin" "30 -19 0"
"script_int" "3"
"script_noteworthy" "attack_spot"
"targetname" "auto1"
"_color" "1 0 0"
}
// entity 16
{
guid "{724426AD-6B52-11E7-92F4-001B21240307}"
"classname" "trigger_multiple"
"script_sound" "audio_bump_trigger"
"targetname" "zmb_perks_bump_bottle"
"_color" "1 0.3 0.1"
// brush 0
{
 guid "{724426AC-6B52-11E7-92F4-001B21240307}"
 ( 24 -8 -8 ) ( 8 -8 -8 ) ( 8 -24 -8 ) trigger 64 64 0 0 0 0 lightmap_gray 16384 16384 0 0 0 0
 ( 10 -24 110 ) ( 10 -8 110 ) ( 26 -8 110 ) trigger 64 64 2 0 0 0 lightmap_gray 16384 16384 2 0 0 0
 ( 16 -36 72 ) ( 32 -36 72 ) ( 32 -36 -8 ) trigger 64 64 8 8 0 0 lightmap_gray 16384 16384 8 8 0 0
 ( 38 -24 72 ) ( 38 -8 72 ) ( 38 -8 -8 ) trigger 64 64 0 8 0 0 lightmap_gray 16384 16384 0 8 0 0
 ( 24 14 72 ) ( 8 14 72 ) ( 8 14 -8 ) trigger 64 64 0 8 0 0 lightmap_gray 16384 16384 0 8 0 0
 ( -38 -8 72 ) ( -38 -24 72 ) ( -38 -24 -8 ) trigger 64 64 0 8 0 0 lightmap_gray 16384 16384 0 8 0 0
}
}
