iwmap 4
"script_startingnumber" 0
"000_Global" flags  active
"The Map" flags expanded 
// entity 0
{
guid "{EA4BCE21-DFD0-4180-BCF9-3AD3B6858865}"
"classname" "worldspawn"
"evmax" "31"
"evmin" "-32"
"secondsLerpToDarker" "1"
"secondsLerpToLighter" "1"
"fsi" "default"
"gravity" "800"
"lodbias" "default"
"lutmaterial" "luts_t7_default"
"numOmniShadowSlices" "24"
"numSpotShadowSlices" "64"
"sky_intensity_factor0" "1"
"sky_intensity_factor1" "1"
"state_alias_1" "State 1"
"state_alias_2" "State 2"
"state_alias_3" "State 3"
"state_alias_4" "State 4"
}
// entity 1
{
guid "{9B83733F-ECE1-4DE7-8F07-464C976742F6}"
"classname" "script_struct"
"model" "p7_zm_vending_jugg"
"origin" "0 0 -3"
"script_noteworthy" "specialty_armorvest"
"target" "auto1"
"targetname" "zm_perk_machine"
"_color" "1 0 0"
}
// entity 2
{
guid "{F1B76C3E-276C-4799-B5B2-014145543657}"
"classname" "light"
"ENABLE_FALLOFF" "0"
"PRIMARY_TYPE" "PRIMARY_SPOT"
"angles" "0 180 90"
"animmode" "loop"
"animscale" "1"
"bulbRadius" "0.00999999977648258"
"cut_on" "6"
"def" "white_light"
"dirSpan" "100 100 100"
"fov_outer" "64"
"lightingstate1" "1"
"lightingstate2" "0"
"lightingstate3" "0"
"lightingstate4" "0"
"name" "light_perk_jugg_001"
"origin" "0 8.21243 93.9092"
"penumbraRadius" "3"
"radius" "25"
"roundness" "1"
"shadowUpdate" "Always"
"stops" "2"
"PRIMARY_NOSHADOWMAP" "1"
"_color" "1 1 1"
"bake_intensity_scale" "1"
"client_server" "ClientSide"
"def_tile" "1 1"
"excludeDedicated" "Off"
"falloffdistance" "12"
"far_edge" "0.949999988079071"
"shadowmapScale" "1"
"superellipse" "0.75 1 0.75 1"
"volumetricSampleCount" "8"
"spawnflags" "20"
}
// entity 3
{
guid "{AF89C78B-462E-4281-8591-BFB236FDF583}"
"classname" "light"
"PRIMARY_NOSHADOWMAP" "0"
"PRIMARY_TYPE" "PRIMARY_SPOT"
"_color" "1 0.451 0.451"
"angles" "270.006 180.022 180"
"animmode" "loop"
"animscale" "1"
"bulbRadius" "0.00999999977648258"
"cut_on" "25"
"def" "white_light"
"dirSpan" "100 100 100"
"falloffdistance" "6"
"fov_outer" "100"
"lightingstate1" "1"
"lightingstate2" "0"
"lightingstate3" "0"
"lightingstate4" "0"
"name" "light_perk_jugg_001"
"origin" "0 -10.6008 92.8003"
"penumbraRadius" "3"
"radius" "37"
"roundness" "1"
"shadowUpdate" "Always"
"spec_comp" "-1"
"stops" "3.75"
"superellipse" "0.1 1 0.1 1"
"ENABLE_FALLOFF" "1"
"bake_intensity_scale" "1"
"client_server" "ClientSide"
"def_tile" "1 1"
"excludeDedicated" "Off"
"far_edge" "0.949999988079071"
"shadowmapScale" "1"
"volumetricSampleCount" "8"
"spawnflags" "68"
}
// entity 4
{
guid "{46D699FC-B6F6-4BE4-B690-A3248D9CD0C3}"
"classname" "light"
"PRIMARY_TYPE" "PRIMARY_SPOT"
"_color" "1 0.8545 0.8392"
"angles" "0 0 70.0266"
"animmode" "loop"
"animscale" "1"
"bulbRadius" "0.00999999977648258"
"cut_on" "63"
"def" "white_light"
"dirSpan" "100 100 100"
"fov_outer" "41"
"lightingstate1" "1"
"lightingstate2" "0"
"lightingstate3" "0"
"lightingstate4" "0"
"name" "light_perk_jugg_001"
"origin" "0.608789 -79.994 102.491"
"pcss_min" "0.100000001490116"
"penumbraRadius" "3"
"radius" "95"
"roundness" "1"
"shadowUpdate" "Always"
"stops" "2.8073549220576"
"superellipse" "0.1 1 0.1 1"
"ENABLE_FALLOFF" "1"
"PRIMARY_NOSHADOWMAP" "1"
"bake_intensity_scale" "1"
"client_server" "ClientSide"
"def_tile" "1 1"
"excludeDedicated" "Off"
"falloffdistance" "12"
"far_edge" "0.949999988079071"
"shadowmapScale" "1"
"volumetricSampleCount" "8"
"spawnflags" "84"
}
// entity 5
{
guid "{306DA2A9-6707-11E4-A763-2C27D7F07CCE}"
"classname" "light"
"PRIMARY_NOSHADOWMAP" "0"
"PRIMARY_TYPE" "PRIMARY_SPOT"
"_color" "1 0.8545 0.8392"
"angles" "0 0 88.0265"
"animmode" "loop"
"animscale" "1"
"bulbRadius" "0.00999999977648258"
"cut_on" "63"
"def" "white_light"
"dirSpan" "100 100 100"
"fov_outer" "59"
"lightingstate1" "1"
"lightingstate2" "0"
"lightingstate3" "0"
"lightingstate4" "0"
"name" "light_perk_jugg_001"
"origin" "0.608789 -86.9915 43.4933"
"pcss_min" "0.100000001490116"
"penumbraRadius" "3"
"radius" "95"
"roundness" "1"
"stops" "2"
"superellipse" "0.1 1 0.1 1"
"ENABLE_FALLOFF" "1"
"bake_intensity_scale" "1"
"client_server" "ClientSide"
"def_tile" "1 1"
"excludeDedicated" "Off"
"falloffdistance" "12"
"far_edge" "0.949999988079071"
"shadowUpdate" "Never"
"shadowmapScale" "1"
"volumetricSampleCount" "8"
"spawnflags" "68"
}
// entity 6
{
guid "{CAD0B18B-B220-11E4-A11C-E83935307086}"
"classname" "light"
"PRIMARY_NOSHADOWMAP" "0"
"PRIMARY_TYPE" "PRIMARY_SPOT"
"_color" "1 0.8545 0.8392"
"angles" "0 0 -16.0756"
"animmode" "loop"
"animscale" "1"
"bulbRadius" "0.00999999977648258"
"def" "white_light"
"dirSpan" "100 100 100"
"fov_outer" "41"
"lightingstate1" "1"
"lightingstate2" "0"
"lightingstate3" "0"
"lightingstate4" "0"
"name" "light_perk_jugg_001"
"origin" "0.608789 -15.5086 102.493"
"pcss_min" "0.100000001490116"
"penumbraRadius" "3"
"radius" "89"
"roundness" "1"
"shadowUpdate" "Always"
"stops" "4.81"
"superellipse" "0.5 1 0.5 1"
"ENABLE_FALLOFF" "1"
"bake_intensity_scale" "1"
"client_server" "ClientSide"
"def_tile" "1 1"
"excludeDedicated" "Off"
"falloffdistance" "12"
"far_edge" "0.949999988079071"
"shadowmapScale" "1"
"volumetricSampleCount" "8"
"spawnflags" "68"
}
// entity 7
{
guid "{27CF9108-EE3E-49FC-877B-0256C7E26313}"
"classname" "light"
"PRIMARY_TYPE" "PRIMARY_SPOT"
"_color" "1 0.3608 0.3608"
"angles" "89.8796 135.408 -134.56"
"animmode" "loop"
"animscale" "1"
"bulbRadius" "0.00999999977648258"
"cut_on" "24"
"def" "white_light"
"dirSpan" "100 100 100"
"falloffdistance" "6"
"fov_outer" "135"
"lightingstate1" "1"
"lightingstate2" "0"
"lightingstate3" "0"
"lightingstate4" "0"
"name" "light_perk_jugg_001"
"origin" "0.0117519 -10.7784 42.0035"
"penumbraRadius" "3"
"radius" "38"
"shadowUpdate" "Always"
"spec_comp" "-2"
"stops" "3.5"
"superellipse" "0.1 0.5 0.1 0.8"
"ENABLE_FALLOFF" "1"
"PRIMARY_NOSHADOWMAP" "1"
"bake_intensity_scale" "1"
"client_server" "ClientSide"
"def_tile" "1 1"
"excludeDedicated" "Off"
"far_edge" "0.949999988079071"
"roundness" "0.5"
"shadowmapScale" "1"
"volumetricSampleCount" "8"
"spawnflags" "84"
}
// entity 8
{
guid "{48B1412B-08D8-11E7-A7E6-645106423E12}"
"classname" "script_struct"
"angles" "0 90 0"
"origin" "-30 -22 0"
"script_int" "1"
"script_noteworthy" "attack_spot"
"targetname" "auto1"
"_color" "1 0 0"
}
// entity 9
{
guid "{48B1412E-08D8-11E7-A7E6-645106423E12}"
"classname" "script_struct"
"angles" "0 90 0"
"origin" "0 -30 0"
"script_int" "2"
"script_noteworthy" "attack_spot"
"targetname" "auto1"
"_color" "1 0 0"
}
// entity 10
{
guid "{48B14131-08D8-11E7-A7E6-645106423E12}"
"classname" "script_struct"
"angles" "0 90 0"
"origin" "30 -22 0"
"script_int" "3"
"script_noteworthy" "attack_spot"
"targetname" "auto1"
"_color" "1 0 0"
}
