iwmap 4
"script_startingnumber" 0
"000_Global" flags  active
"The Map" flags expanded 
// entity 0
{
guid "{E2A41301-4B9C-4DD9-9000-79C4ECA77F95}"
"classname" "worldspawn"
"evmax" "31"
"evmin" "-32"
"secondsLerpToDarker" "1"
"secondsLerpToLighter" "1"
"fsi" "default"
"gravity" "800"
"lodbias" "default"
"lutmaterial" "luts_t7_default"
"numOmniShadowSlices" "24"
"numSpotShadowSlices" "64"
"sky_intensity_factor0" "1"
"sky_intensity_factor1" "1"
"state_alias_1" "State 1"
"state_alias_2" "State 2"
"state_alias_3" "State 3"
"state_alias_4" "State 4"
// brush 0
{
 guid "{2A25E1DE-2723-11E4-BCD9-2C27D7F07CCE}"
 ( 1.75 17 -6 ) ( -5.25 17 -6 ) ( -5.25 12 -6 ) shadowcaster 16 16 0 0 0 0 lightmap_gray 16384 16384 0 -1.8307701 0 0
 ( -3 12 42.75 ) ( -3 17 42.75 ) ( 4 17 42.75 ) shadowcaster 16 16 0 0 0 0 lightmap_gray 16384 16384 0 -1.8307701 0 0
 ( -4 12 44 ) ( 3 12 44 ) ( 3 12 7.25 ) shadowcaster 16 16 0 0 0 0 lightmap_gray 16384 16384 0 0 0 0
 ( 18.75 11 44 ) ( 18.75 15.75 44 ) ( 18.75 15.75 7.25 ) shadowcaster 16 16 0 0 0 0 lightmap_gray 16384 16384 1.8307594 0 0 0
 ( 3 17 44 ) ( -4 17 44 ) ( -4 17 7.25 ) shadowcaster 16 16 0 0 0 0 lightmap_gray 16384 16384 0 0 0 0
 ( -19.25 16.25 44 ) ( -19.25 11.25 44 ) ( -19.25 11.25 7.25 ) shadowcaster 16 16 0 0 0 0 lightmap_gray 16384 16384 1.8307594 0 0 0
}
}
// entity 1
{
guid "{F338C03C-FFF5-4978-A00D-9CA79FB234F1}"
"classname" "script_struct"
"model" "p7_zm_vending_revive"
"script_noteworthy" "specialty_quickrevive"
"target" "auto1"
"targetname" "zm_perk_machine"
"_color" "1 0 0"
}
// entity 2
{
guid "{A4CC0345-B393-46BF-A615-4FD026528CA9}"
"classname" "light"
"PRIMARY_NOSHADOWMAP" "0"
"PRIMARY_TYPE" "PRIMARY_SPOT"
"_color" "0.8118 0.9215 0.9725"
"angles" "57.5 3.23765e-006 6.44412e-006"
"animmode" "loop"
"animscale" "1"
"bulbRadius" "0.00999999977648258"
"def" "white_light"
"dirSpan" "100 100 100"
"exploderDisabled" "1"
"exploder_count" "1"
"exploder_index_0" "0 0 quick_revive_lgts"
"falloffdistance" "1.5"
"fov_outer" "75"
"lightingstate1" "1"
"lightingstate2" "0"
"lightingstate3" "0"
"lightingstate4" "0"
"name" "light_perk_revive_001"
"origin" "-20.3915 -2.5929 27.1558"
"pcss_max" "0.009"
"penumbraRadius" "3"
"radius" "58"
"roundness" "0"
"stops" "7.96578428466209"
"ENABLE_FALLOFF" "1"
"bake_intensity_scale" "1"
"client_server" "ClientSide"
"def_tile" "1 1"
"excludeDedicated" "Off"
"far_edge" "0.949999988079071"
"shadowUpdate" "Never"
"shadowmapScale" "1"
"superellipse" "0.75 1 0.75 1"
"volumetricSampleCount" "8"
"spawnflags" "68"
}
// entity 3
{
guid "{D7900176-524F-4D01-914B-C0BA7D8E4CF0}"
"classname" "light"
"PRIMARY_NOSHADOWMAP" "0"
"PRIMARY_TYPE" "PRIMARY_SPOT"
"_color" "0.8118 0.9215 0.9725"
"angles" "34.1206 180 5.46337e-006"
"animmode" "loop"
"animscale" "1"
"bulbRadius" "0.00999999977648258"
"def" "white_light"
"dirSpan" "100 100 100"
"exploderDisabled" "1"
"exploder_count" "1"
"exploder_index_0" "0 0 quick_revive_lgts"
"falloffdistance" "1.5"
"fov_outer" "75"
"lightingstate1" "1"
"lightingstate2" "0"
"lightingstate3" "0"
"lightingstate4" "0"
"name" "light_perk_revive_001"
"origin" "18.0446 -3.00882 29.279"
"pcss_max" "0.009"
"penumbraRadius" "3"
"radius" "54"
"roundness" "0"
"stops" "7.96578428466209"
"ENABLE_FALLOFF" "1"
"bake_intensity_scale" "1"
"client_server" "ClientSide"
"def_tile" "1 1"
"excludeDedicated" "Off"
"far_edge" "0.949999988079071"
"shadowUpdate" "Never"
"shadowmapScale" "1"
"superellipse" "0.75 1 0.75 1"
"volumetricSampleCount" "8"
"spawnflags" "68"
}
// entity 4
{
guid "{2C3D2375-F352-4FDF-BA4A-F3D04240F0F3}"
"classname" "light"
"PRIMARY_NOSHADOWMAP" "0"
"PRIMARY_TYPE" "PRIMARY_SPOT"
"_color" "0.7765 0.9297 1"
"angles" "51.3367 270 3.03797e-006"
"animmode" "loop"
"animscale" "1"
"bulbRadius" "0.00999999977648258"
"cut_on" "6"
"def" "white_light"
"dirSpan" "100 100 100"
"exploderDisabled" "1"
"exploder_count" "1"
"exploder_index_0" "0 0 quick_revive_lgts"
"falloffdistance" "1.5"
"far_edge" "0.600000001490116"
"fov_outer" "78"
"lightingstate1" "1"
"lightingstate2" "0"
"lightingstate3" "0"
"lightingstate4" "0"
"name" "light_perk_revive_001"
"origin" "-0.520271 -67.5251 100.688"
"pcss_max" "0.1"
"penumbraRadius" "3"
"radius" "94"
"roundness" "1"
"stops" "8.96578428466209"
"superellipse" "0.5 1 0.5 1"
"ENABLE_FALLOFF" "1"
"bake_intensity_scale" "1"
"client_server" "ClientSide"
"def_tile" "1 1"
"excludeDedicated" "Off"
"shadowUpdate" "Never"
"shadowmapScale" "1"
"volumetricSampleCount" "8"
"spawnflags" "68"
}
// entity 5
{
guid "{A3B0875A-05B6-4F52-91EB-DB0B1605168D}"
"classname" "light"
"PRIMARY_TYPE" "PRIMARY_SPOT"
"_color" "0.451 0.8258 1"
"angles" "90 -90 0"
"animmode" "loop"
"animscale" "1"
"bulbRadius" "0.00999999977648258"
"cut_on" "56"
"def" "white_light"
"dirSpan" "100 100 100"
"exploderDisabled" "1"
"exploder_count" "1"
"exploder_index_0" "0 0 quick_revive_lgts"
"falloffdistance" "1.5"
"fov_outer" "78"
"lightingstate1" "1"
"lightingstate2" "0"
"lightingstate3" "0"
"lightingstate4" "0"
"name" "light_perk_revive_001"
"origin" "-0.520271 -45.1008 27.394"
"pcss_max" "0.1"
"penumbraRadius" "3"
"radius" "75"
"roundness" "0"
"stops" "12.2877123795495"
"superellipse" "0.1 1 0.1 1"
"ENABLE_FALLOFF" "1"
"PRIMARY_NOSHADOWMAP" "1"
"bake_intensity_scale" "1"
"client_server" "ClientSide"
"def_tile" "1 1"
"excludeDedicated" "Off"
"far_edge" "0.949999988079071"
"shadowUpdate" "Never"
"shadowmapScale" "1"
"volumetricSampleCount" "8"
"spawnflags" "84"
}
// entity 6
{
guid "{6FB1C070-E315-4C79-96D4-E9E55841F41C}"
"classname" "light"
"PRIMARY_TYPE" "PRIMARY_SPOT"
"_color" "0.8118 0.9215 0.9725"
"angles" "90 90 0"
"animmode" "loop"
"animscale" "1"
"bulbRadius" "0.00999999977648258"
"cut_on" "9"
"def" "white_light"
"dirSpan" "100 100 100"
"exploderDisabled" "1"
"exploder_count" "1"
"exploder_index_0" "0 0 quick_revive_lgts"
"falloffdistance" "1.5"
"far_edge" "0.75"
"fov_outer" "100"
"lightingstate1" "1"
"lightingstate2" "0"
"lightingstate3" "0"
"lightingstate4" "0"
"name" "light_perk_revive_001"
"origin" "-0.157162 15.5534 74.1532"
"pcss_max" "0.1"
"penumbraRadius" "3"
"radius" "33"
"roundness" "1"
"shadowUpdate" "Always"
"stops" "8.96578428466209"
"ENABLE_FALLOFF" "1"
"PRIMARY_NOSHADOWMAP" "1"
"bake_intensity_scale" "1"
"client_server" "ClientSide"
"def_tile" "1 1"
"excludeDedicated" "Off"
"shadowmapScale" "1"
"superellipse" "0.75 1 0.75 1"
"volumetricSampleCount" "8"
"spawnflags" "84"
}
// entity 7
{
guid "{00D76799-084D-11E7-A7E6-645106423E12}"
"classname" "script_struct"
"angles" "0 90 0"
"origin" "-30 -30 0"
"script_int" "1"
"script_noteworthy" "attack_spot"
"targetname" "auto1"
"_color" "1 0 0"
}
// entity 8
{
guid "{00D7679C-084D-11E7-A7E6-645106423E12}"
"classname" "script_struct"
"angles" "0 90 0"
"origin" "0 -38 0"
"script_int" "2"
"script_noteworthy" "attack_spot"
"targetname" "auto1"
"_color" "1 0 0"
}
// entity 9
{
guid "{00D7679F-084D-11E7-A7E6-645106423E12}"
"classname" "script_struct"
"angles" "0 90 0"
"origin" "30 -30 0"
"script_int" "3"
"script_noteworthy" "attack_spot"
"targetname" "auto1"
"_color" "1 0 0"
}
