iwmap 4
"script_startingnumber" 0
"000_Global" flags  active
"The Map" flags expanded 
// entity 0
{
guid "{18432680-F826-4420-BAC5-7DC39D46CD97}"
"classname" "worldspawn"
"_color" "0.5 0.5 .62 1"
"ambient" ".5"
"diffusefraction" ".5"
"evmax" "31"
"evmin" "-32"
"secondsLerpToDarker" "1"
"secondsLerpToLighter" "1"
"spawnflags" "11"
"suncolor" "0.9 0.95 1"
"sundiffusecolor" "0.75 0.82 0.85"
"sundirection" "-130  40 0"
"sunlight" "1.5"
"fsi" "default"
"gravity" "800"
"lodbias" "default"
"lutmaterial" "luts_t7_default"
"numOmniShadowSlices" "24"
"numSpotShadowSlices" "64"
"sky_intensity_factor0" "1"
"sky_intensity_factor1" "1"
"state_alias_1" "State 1"
"state_alias_2" "State 2"
"state_alias_3" "State 3"
"state_alias_4" "State 4"
}
// entity 1
{
guid "{F2DE7BAA-976F-41E9-B5CE-8FD70F62A0AB}"
"classname" "script_struct"
"angles" "0 270 0"
"origin" "-9.5 8.5 45.5"
"script_sound" "mx_packa_jingle"
"targetname" "perksacola"
"_color" "1 0 0"
}
// entity 2
{
guid "{B20749F3-57AC-47C1-8826-89ADF651FC56}"
"classname" "light"
"PRIMARY_NOSHADOWMAP" "0"
"PRIMARY_TYPE" "PRIMARY_SPOT"
"_color" "0.8118 0.9725 0.8496"
"angles" "23.799 89.9966 -28.3771"
"animmode" "loop"
"animscale" "1"
"bulbRadius" "0.00999999977648258"
"cut_on" "17"
"dirSpan" "100 100 100"
"exploderFade" "1"
"far_edge" "0.75"
"fov_outer" "45"
"lightingstate1" "1"
"lightingstate2" "0"
"lightingstate3" "0"
"lightingstate4" "0"
"note" "lightstate_was_all"
"note_grab" "pap_lights_sept4"
"origin" "-66.5785 40.2992 83.1116"
"pcss_max" "0.00899999961256981"
"penumbraRadius" "3"
"radius" "150"
"roundness" "1"
"shadowUpdate" "Always"
"stops" "4.64"
"superellipse" "0.25 1 0.15 1"
"ENABLE_FALLOFF" "1"
"bake_intensity_scale" "1"
"client_server" "ClientSide"
"def_tile" "1 1"
"excludeDedicated" "Off"
"falloffdistance" "12"
"name" "light"
"shadowmapScale" "1"
"volumetricSampleCount" "8"
"spawnflags" "68"
}
// entity 3
{
guid "{5B15774A-BFBE-4670-A821-2D6C43A60BA9}"
"classname" "light"
"PRIMARY_NOSHADOWMAP" "0"
"PRIMARY_TYPE" "PRIMARY_SPOT"
"_color" "0.8118 0.9725 0.8496"
"angles" "0 0 90"
"animmode" "loop"
"animscale" "1"
"bulbRadius" "0.00999999977648258"
"cut_on" "3"
"dirSpan" "100 100 100"
"exploderFade" "1"
"far_edge" "0.75"
"fov_outer" "115"
"lightingstate1" "1"
"lightingstate2" "0"
"lightingstate3" "0"
"lightingstate4" "0"
"note" "lightstate_was_1_3_4"
"note_grab" "pap_lights_sept4"
"origin" "8.74717 4.75 68.0184"
"pcss_max" "0.00899999961256981"
"penumbraRadius" "3"
"radius" "37"
"roundness" "0"
"stops" "4.64"
"superellipse" "0.55 1 0.05 0.4"
"target" "auto2"
"ENABLE_FALLOFF" "1"
"bake_intensity_scale" "1"
"client_server" "ClientSide"
"def_tile" "1 1"
"excludeDedicated" "Off"
"falloffdistance" "12"
"name" "light"
"shadowUpdate" "Never"
"shadowmapScale" "1"
"volumetricSampleCount" "8"
"spawnflags" "68"
}
// entity 4
{
guid "{3CC2989B-BDE9-4C54-BE7D-82CAF7D3B077}"
"classname" "info_null"
"origin" "-63.0555 4.81839 68"
"targetname" "auto2"
"_color" "0 0.5 0"
}
// entity 5
{
guid "{9310E0FF-93E8-47C2-B5E6-E54A5196A0D8}"
"classname" "info_null"
"origin" "-59.305 7.12358 31.3569"
"targetname" "auto3"
"_color" "0 0.5 0"
}
// entity 6
{
guid "{8260DC63-45AB-4FB0-9C4B-6CE039C90C1F}"
"classname" "light"
"PRIMARY_TYPE" "PRIMARY_SPOT"
"_color" "0.8118 0.9725 0.8496"
"angles" "-90 0 0"
"animmode" "loop"
"animscale" "1"
"bulbRadius" "0.00999999977648258"
"cut_on" "17"
"def" "white_light"
"dirSpan" "100 100 100"
"exploderFade" "1"
"far_edge" "0.75"
"fov_outer" "55"
"lightingstate1" "1"
"lightingstate2" "0"
"lightingstate3" "0"
"lightingstate4" "0"
"note" "lightstate_was_all"
"note_grab" "pap_lights_sept4"
"origin" "-30.9819 5.08657 50.3597"
"pcss_max" "0.00899999961256981"
"penumbraRadius" "3"
"radius" "25"
"roundness" "1"
"shadowUpdate" "Always"
"stops" "3.32192809488736"
"superellipse" "0.75 1 0.25 0.4"
"ENABLE_FALLOFF" "1"
"PRIMARY_NOSHADOWMAP" "1"
"bake_intensity_scale" "1"
"client_server" "ClientSide"
"def_tile" "1 1"
"excludeDedicated" "Off"
"falloffdistance" "12"
"name" "light"
"shadowmapScale" "1"
"volumetricSampleCount" "8"
"spawnflags" "84"
}
// entity 7
{
guid "{6EE10919-5E29-11E4-99B5-2C27D7F07CCE}"
"classname" "light"
"PRIMARY_NOSHADOWMAP" "0"
"PRIMARY_TYPE" "PRIMARY_SPOT"
"_color" "0.8118 0.9725 0.8496"
"angles" "90 0 0"
"animmode" "loop"
"animscale" "1"
"bulbRadius" "0.00999999977648258"
"cut_on" "3"
"dirSpan" "100 100 100"
"exploderFade" "1"
"far_edge" "0.75"
"fov_outer" "144"
"lightingstate1" "1"
"lightingstate2" "0"
"lightingstate3" "0"
"lightingstate4" "0"
"name" "light_001"
"note" "lightstate_was_1_3_4"
"note_grab" "pap_lights_sept4"
"origin" "14.717 4.75 27.3683"
"penumbraRadius" "3"
"radius" "37"
"roundness" "0"
"stops" "5.97"
"superellipse" "0.75 1 0.25 0.4"
"ENABLE_FALLOFF" "1"
"bake_intensity_scale" "1"
"client_server" "ClientSide"
"def_tile" "1 1"
"excludeDedicated" "Off"
"falloffdistance" "12"
"shadowUpdate" "Never"
"shadowmapScale" "1"
"volumetricSampleCount" "8"
"spawnflags" "68"
}
// entity 8
{
guid "{A656F541-A994-11E4-A824-E83935307086}"
"classname" "light"
"PRIMARY_TYPE" "PRIMARY_SPOT"
"_color" "0.8039 0.9239 1"
"angles" "30.2979 358 -1.07681e-006"
"cut_on" "24.2"
"def" "white_light"
"dirSpan" "100 100 100"
"exploderFade" "1"
"fov_outer" "111"
"lightingstate1" "1"
"lightingstate2" "0"
"lightingstate3" "0"
"lightingstate4" "0"
"note" "lightstate_was_all"
"note_grab" "pap_lights_sept4"
"origin" "-2.5 5 67"
"penumbraRadius" "3"
"radius" "36"
"stops" "6"
"superellipse" "0.05 1 0.05 0.1"
"ENABLE_FALLOFF" "1"
"PRIMARY_NOSHADOWMAP" "1"
"bake_intensity_scale" "1"
"client_server" "ClientSide"
"def_tile" "1 1"
"excludeDedicated" "Off"
"falloffdistance" "12"
"far_edge" "0.949999988079071"
"name" "light"
"roundness" "0.5"
"shadowUpdate" "Never"
"shadowmapScale" "1"
"volumetricSampleCount" "8"
"spawnflags" "84"
}
// entity 9
{
guid "{A71AF866-F9BC-11E4-82CD-D89D67F43706}"
"classname" "zbarrier_zmcore_packapunch"
"angles" "0 270 0"
"origin" "2.5 5 -7.5"
"targetname" "zm_pack_a_punch"
"zbarrierNumBoards" "6"
"zbarrierboardAnim4" "o_zombie_base_packapunch_worldgun_ejected"
"zbarrierboardAnim5" "o_zombie_base_packapunch_worldgun_dw_ejected"
"zbarrierboardAnim6" "o_zombie_base_packapunch_working_loop"
"zbarrierboardModel3" "p7_zm_vending_packapunch_sign_wait"
"zbarrierboardModel4" "tag_origin_animate"
"zbarrierboardModel5" "tag_origin_animate"
"zbarrierboardModel6" "p7_zm_vending_packapunch_on"
"zbarriertearAnim4" "o_zombie_base_packapunch_worldgun_taken"
"zbarriertearAnim5" "o_zombie_base_packapunch_worldgun_dw_taken"
"zbarriertearAnim6" "o_zombie_base_packapunch_poweron"
"_color" "0.3 0.3 1"
"type" "zmcore_packapunch"
"zbarrierboardAnim1" "o_zombie_base_packapunch_poweron"
"zbarrierboardAnim2" "o_zombie_base_packapunch_working_eject_gun"
"zbarrierboardAnim3" "o_zombie_base_packapunch_flag_down"
"zbarrierboardModel1" "p7_zm_vending_packapunch"
"zbarrierboardModel2" "p7_zm_vending_packapunch_on"
"zbarriertearAnim1" "o_zombie_base_packapunch_poweron"
"zbarriertearAnim2" "o_zombie_base_packapunch_working_take_gun"
"zbarriertearAnim3" "o_zombie_base_packapunch_flag_up"
}
