iwmap 4
"script_startingnumber" 0
"000_Global" flags  active
"The Map" flags expanded 
// entity 0
{
guid "{98428B37-1529-11E5-9362-E83935307086}"
"classname" "worldspawn"
"fsi" "default"
"gravity" "800"
"lodbias" "default"
"lutmaterial" "luts_t7_default"
"numOmniShadowSlices" "24"
"numSpotShadowSlices" "64"
"sky_intensity_factor0" "1"
"sky_intensity_factor1" "1"
"state_alias_1" "State 1"
"state_alias_2" "State 2"
"state_alias_3" "State 3"
"state_alias_4" "State 4"
}
// entity 1
{
guid "{AA81C415-235C-41F7-BA91-B65C7DEAA9D5}"
"classname" "light"
"PRIMARY_TYPE" "PRIMARY_SPOT"
"_color" "1 0.8436 0.5725"
"angles" "90 90 2.50448e-006"
"animmode" "loop"
"animscale" "1"
"bulbRadius" "0.00999999977648258"
"culling_cutoff" "10"
"culling_falloff" "20"
"def" "white_light"
"dirSpan" "100 100 100"
"exploderDisabled" "1"
"exploderFade" "1"
"exploder_count" "1"
"exploder_index_0" "ver=2 don=0 doff=0 fin=0 fout=0 off=0 name=lgt_vending_stamina_up"
"falloffdistance" "1.5"
"far_edge" "1"
"fov_outer" "95"
"lightingstate2" "0"
"lightingstate3" "0"
"lightingstate4" "0"
"name" "light_marathon_001"
"near_edge" "1"
"origin" "0.25 -0.5 71.75"
"penumbraRadius" "3"
"radius" "12"
"roundness" "1"
"stops" "10.5499999850988"
"superellipse" "0.05 1 0.05 1"
"ENABLE_FALLOFF" "1"
"PRIMARY_NOSHADOWMAP" "1"
"bake_intensity_scale" "1"
"client_server" "ClientSide"
"def_tile" "1 1"
"excludeDedicated" "Off"
"lightingstate1" "1"
"shadowUpdate" "Never"
"shadowmapScale" "1"
"volumetricSampleCount" "8"
"spawnflags" "84"
}
// entity 2
{
guid "{B6B8610B-7443-4E83-8459-A24AA034565E}"
"classname" "light"
"animmode" "loop"
"animscale" "1"
"bulbRadius" "0.00999999977648258"
"culling_cutoff" "2"
"culling_falloff" "5"
"def" "white_light"
"dirSpan" "100 100 100"
"exploderDisabled" "1"
"exploderFade" "1"
"exploder_count" "1"
"exploder_index_0" "ver=2 don=0 doff=0 fin=0 fout=0 off=0 name=lgt_vending_stamina_up"
"falloffdistance" "1"
"far_edge" "0.5"
"lightingstate2" "0"
"lightingstate3" "0"
"lightingstate4" "0"
"name" "light_marathon_001"
"origin" "9.75 -10.25 50.5"
"penumbraRadius" "3"
"radius" "4"
"stops" "6"
"ENABLE_FALLOFF" "1"
"PRIMARY_NOSHADOWMAP" "1"
"PRIMARY_TYPE" "PRIMARY_OMNI"
"_color" "1 1 1"
"bake_intensity_scale" "1"
"client_server" "ClientSide"
"def_tile" "1 1"
"excludeDedicated" "Off"
"fov_outer" "90"
"lightingstate1" "1"
"roundness" "0.5"
"shadowUpdate" "Never"
"shadowmapScale" "1"
"superellipse" "0.75 1 0.75 1"
"volumetricSampleCount" "8"
"spawnflags" "82"
}
// entity 3
{
guid "{9248950A-FC41-469D-903D-FE3843A06E1E}"
"classname" "light"
"animmode" "loop"
"animscale" "1"
"bulbRadius" "0.00999999977648258"
"culling_cutoff" "2"
"culling_falloff" "5"
"def" "white_light"
"dirSpan" "100 100 100"
"exploderDisabled" "1"
"exploderFade" "1"
"exploder_count" "1"
"exploder_index_0" "ver=2 don=0 doff=0 fin=0 fout=0 off=0 name=lgt_vending_stamina_up"
"falloffdistance" "1"
"far_edge" "0.5"
"lightingstate2" "0"
"lightingstate3" "0"
"lightingstate4" "0"
"name" "light_marathon_001"
"origin" "4.75 -10.25 50.5"
"penumbraRadius" "3"
"radius" "4"
"stops" "6"
"ENABLE_FALLOFF" "1"
"PRIMARY_NOSHADOWMAP" "1"
"PRIMARY_TYPE" "PRIMARY_OMNI"
"_color" "1 1 1"
"bake_intensity_scale" "1"
"client_server" "ClientSide"
"def_tile" "1 1"
"excludeDedicated" "Off"
"fov_outer" "90"
"lightingstate1" "1"
"roundness" "0.5"
"shadowUpdate" "Never"
"shadowmapScale" "1"
"superellipse" "0.75 1 0.75 1"
"volumetricSampleCount" "8"
"spawnflags" "82"
}
// entity 4
{
guid "{1944A288-88E0-4DA1-A086-8B2A034DFB70}"
"classname" "light"
"animmode" "loop"
"animscale" "1"
"bulbRadius" "0.00999999977648258"
"culling_cutoff" "2"
"culling_falloff" "5"
"def" "white_light"
"dirSpan" "100 100 100"
"exploderDisabled" "1"
"exploderFade" "1"
"exploder_count" "1"
"exploder_index_0" "ver=2 don=0 doff=0 fin=0 fout=0 off=0 name=lgt_vending_stamina_up"
"falloffdistance" "1"
"far_edge" "0.5"
"lightingstate2" "0"
"lightingstate3" "0"
"lightingstate4" "0"
"name" "light_marathon_001"
"origin" "0 -10.25 50.5"
"penumbraRadius" "3"
"radius" "4"
"stops" "6"
"ENABLE_FALLOFF" "1"
"PRIMARY_NOSHADOWMAP" "1"
"PRIMARY_TYPE" "PRIMARY_OMNI"
"_color" "1 1 1"
"bake_intensity_scale" "1"
"client_server" "ClientSide"
"def_tile" "1 1"
"excludeDedicated" "Off"
"fov_outer" "90"
"lightingstate1" "1"
"roundness" "0.5"
"shadowUpdate" "Never"
"shadowmapScale" "1"
"superellipse" "0.75 1 0.75 1"
"volumetricSampleCount" "8"
"spawnflags" "82"
}
// entity 5
{
guid "{5EB56D0D-8F6A-497B-86C3-C0794A32D2BC}"
"classname" "light"
"_color" "1 0.5059 0.5059"
"animmode" "loop"
"animscale" "1"
"bulbRadius" "0.00999999977648258"
"culling_cutoff" "2"
"culling_falloff" "5"
"def" "white_light"
"dirSpan" "100 100 100"
"exploderDisabled" "1"
"exploderFade" "1"
"exploder_count" "1"
"exploder_index_0" "ver=2 don=0 doff=0 fin=0 fout=0 off=0 name=lgt_vending_stamina_up"
"falloffdistance" "1"
"far_edge" "0.5"
"lightingstate2" "0"
"lightingstate3" "0"
"lightingstate4" "0"
"name" "light_marathon_001"
"origin" "-4.75 -10.25 50.5"
"penumbraRadius" "3"
"radius" "4"
"stops" "6"
"ENABLE_FALLOFF" "1"
"PRIMARY_NOSHADOWMAP" "1"
"PRIMARY_TYPE" "PRIMARY_OMNI"
"bake_intensity_scale" "1"
"client_server" "ClientSide"
"def_tile" "1 1"
"excludeDedicated" "Off"
"fov_outer" "90"
"lightingstate1" "1"
"roundness" "0.5"
"shadowUpdate" "Never"
"shadowmapScale" "1"
"superellipse" "0.75 1 0.75 1"
"volumetricSampleCount" "8"
"spawnflags" "82"
}
// entity 6
{
guid "{02601965-00A7-4E33-90BD-E91F6E0D7E53}"
"classname" "light"
"animmode" "loop"
"animscale" "1"
"bulbRadius" "0.00999999977648258"
"culling_cutoff" "2"
"culling_falloff" "5"
"def" "white_light"
"dirSpan" "100 100 100"
"exploderDisabled" "1"
"exploderFade" "1"
"exploder_count" "1"
"exploder_index_0" "ver=2 don=0 doff=0 fin=0 fout=0 off=0 name=lgt_vending_stamina_up"
"falloffdistance" "1"
"far_edge" "0.5"
"lightingstate2" "0"
"lightingstate3" "0"
"lightingstate4" "0"
"name" "light_marathon_001"
"origin" "-9.5 -10.25 50.5"
"penumbraRadius" "3"
"radius" "4"
"stops" "6"
"ENABLE_FALLOFF" "1"
"PRIMARY_NOSHADOWMAP" "1"
"PRIMARY_TYPE" "PRIMARY_OMNI"
"_color" "1 1 1"
"bake_intensity_scale" "1"
"client_server" "ClientSide"
"def_tile" "1 1"
"excludeDedicated" "Off"
"fov_outer" "90"
"lightingstate1" "1"
"roundness" "0.5"
"shadowUpdate" "Never"
"shadowmapScale" "1"
"superellipse" "0.75 1 0.75 1"
"volumetricSampleCount" "8"
"spawnflags" "82"
}
// entity 7
{
guid "{67BC0133-1528-11E5-9362-E83935307086}"
"classname" "script_struct"
"model" "p7_zm_vending_marathon"
"script_noteworthy" "specialty_staminup"
"target" "auto1"
"targetname" "zm_perk_machine"
"_color" "1 0 0"
}
// entity 8
{
guid "{E999AB2B-1528-11E5-9362-E83935307086}"
"classname" "light"
"PRIMARY_TYPE" "PRIMARY_SPOT"
"_color" "1 0.6243 0.2902"
"angles" "89.9999 214.17 -55.8304"
"animmode" "loop"
"animscale" "1"
"bulbRadius" "0.00999999977648258"
"culling_cutoff" "50"
"culling_falloff" "100"
"cut_on" "20"
"def" "white_light"
"dirSpan" "100 100 100"
"exploderDisabled" "1"
"exploderFade" "1"
"exploder_count" "1"
"exploder_index_0" "ver=2 don=0 doff=0 fin=0 fout=0 off=0 name=lgt_vending_stamina_up"
"falloffdistance" "1.5"
"far_edge" "1"
"fov_outer" "114"
"lightingstate2" "0"
"lightingstate3" "0"
"lightingstate4" "0"
"name" "light_marathon_001"
"near_edge" "1"
"origin" "0.75 -25 48.75"
"ortho_effect" "0.200000002980232"
"penumbraRadius" "3"
"radius" "52"
"roundness" "0.500000005960464"
"spec_comp" "-12.5"
"stops" "14.5500000149012"
"superellipse" "0.05 0.66 0.05 1"
"ENABLE_FALLOFF" "1"
"PRIMARY_NOSHADOWMAP" "1"
"bake_intensity_scale" "1"
"client_server" "ClientSide"
"def_tile" "1 1"
"excludeDedicated" "Off"
"lightingstate1" "1"
"shadowUpdate" "Never"
"shadowmapScale" "1"
"volumetricSampleCount" "8"
"spawnflags" "84"
}
// entity 9
{
guid "{98428B3E-1529-11E5-9362-E83935307086}"
"classname" "light"
"PRIMARY_NOSHADOWMAP" "0"
"PRIMARY_TYPE" "PRIMARY_SPOT"
"_color" "1 0.8436 0.5725"
"angles" "0 0 20"
"animmode" "loop"
"animscale" "1"
"bulbRadius" "0.00999999977648258"
"culling_cutoff" "10"
"culling_falloff" "20"
"def" "white_light"
"dirSpan" "100 100 100"
"exploderDisabled" "1"
"exploderFade" "1"
"exploder_count" "1"
"exploder_index_0" "ver=2 don=0 doff=0 fin=0 fout=0 off=0 name=lgt_vending_stamina_up"
"falloffdistance" "1.5"
"far_edge" "0"
"fov_outer" "50"
"lightingstate2" "0"
"lightingstate3" "0"
"lightingstate4" "0"
"name" "light_marathon_001"
"origin" "0.25 -35 90.75"
"ortho_effect" "0.200000002980232"
"penumbraRadius" "3"
"radius" "62"
"roundness" "1"
"stops" "15.5500000298023"
"superellipse" "0.05 1 0.05 1"
"ENABLE_FALLOFF" "1"
"bake_intensity_scale" "1"
"client_server" "ClientSide"
"def_tile" "1 1"
"excludeDedicated" "Off"
"lightingstate1" "1"
"shadowUpdate" "Never"
"shadowmapScale" "1"
"volumetricSampleCount" "8"
"spawnflags" "68"
}
// entity 10
{
guid "{EFEF75A4-08D8-11E7-A7E6-645106423E12}"
"classname" "script_struct"
"angles" "0 90 0"
"origin" "-30 -25 0"
"script_int" "1"
"script_noteworthy" "attack_spot"
"targetname" "auto1"
"_color" "1 0 0"
}
// entity 11
{
guid "{EFEF75A7-08D8-11E7-A7E6-645106423E12}"
"classname" "script_struct"
"angles" "0 90 0"
"origin" "0 -33 0"
"script_int" "2"
"script_noteworthy" "attack_spot"
"targetname" "auto1"
"_color" "1 0 0"
}
// entity 12
{
guid "{EFEF75AA-08D8-11E7-A7E6-645106423E12}"
"classname" "script_struct"
"angles" "0 90 0"
"origin" "30 -25 0"
"script_int" "3"
"script_noteworthy" "attack_spot"
"targetname" "auto1"
"_color" "1 0 0"
}
// entity 13
{
guid "{56D5C97D-6B52-11E7-92F4-001B21240307}"
"classname" "trigger_multiple"
"script_sound" "audio_bump_trigger"
"targetname" "zmb_perks_bump_bottle"
"_color" "1 0.3 0.1"
// brush 0
{
 guid "{56D5C97C-6B52-11E7-92F4-001B21240307}"
 ( 24 -8 -8 ) ( 8 -8 -8 ) ( 8 -24 -8 ) trigger 64 64 0 0 0 0 lightmap_gray 16384 16384 0 0 0 0
 ( 8 -24 96 ) ( 8 -8 96 ) ( 24 -8 96 ) trigger 64 64 0 0 0 0 lightmap_gray 16384 16384 0 0 0 0
 ( 16 -42 72 ) ( 32 -42 72 ) ( 32 -42 -8 ) trigger 64 64 8 8 0 0 lightmap_gray 16384 16384 8 8 0 0
 ( 38 -26 72 ) ( 38 -10 72 ) ( 38 -10 -8 ) trigger 64 64 -2 8 0 0 lightmap_gray 16384 16384 -2 8 0 0
 ( 24 8 72 ) ( 8 8 72 ) ( 8 8 -8 ) trigger 64 64 0 8 0 0 lightmap_gray 16384 16384 0 8 0 0
 ( -38 -8 72 ) ( -38 -24 72 ) ( -38 -24 -8 ) trigger 64 64 0 8 0 0 lightmap_gray 16384 16384 0 8 0 0
}
}
